// Jest Snapshot v1, https://goo.gl/fbAQLP

exports[`BonusService#getLatestBonusActivationById should handle a successful request 1`] = `
Object {
  "apply": [Function],
  "kind": "IResponseSuccessJson",
  "value": Object {
    "applicant_fiscal_code": "SPNDNL80R14C522K",
    "created_at": 2020-06-18T10:15:11.704Z,
    "dsu_request": Object {
      "dsu_created_at": "",
      "dsu_protocol_id": "dsuprotid",
      "family_members": Array [
        Object {
          "fiscal_code": "SPNDNL80R14C522K",
          "name": "mario",
          "surname": "rossi",
        },
      ],
      "has_discrepancies": false,
      "isee_type": "iseetype",
      "max_amount": 150,
      "max_tax_benefit": 30,
      "request_id": 1,
    },
    "id": "aBonusId",
    "qr_code": Array [
      Object {
        "content": "77+9UE5HDQoaCgAAAA1JSERSAAAA77+9AAAA77+9CAAAAADvv70F77+9AAABHklEQVR477+977+977+9QRLvv70wCABA77+977+977+977+9Awbvv70kaDvvv71rLVkPVCDvv73vv73vv71tHURERERERERERETvv70pOu+/vVd8XSkKEVHvv71o77+9DCd777+9RCEi77+9Fw1z77+9JO+/ve+/vRAR77+9TXQR77+977+977+9R0Vn77+9Fl9HRO+/vQ5R77+977+9Ie+/ve+/ve+/ve+/ve+/vWhZT++/vc2w77+9Lu+/ve+/vWjvv70cMu+/vVPvv71k77+977+9KO+/vRQpJU3vv71m77+977+9QxIR77+977+977+9HkZI77+977+9456C77+977+9VRQX77+9Nyfvv73vv70REW0V77+9ae+/ve+/ve+/ve6BiO+/vUE01Zfvv70cORER77+9Eu+/ve+/ve+/vUQd77+9Le+/ve+/ve+/ve+/ve+/ve+/ve+/vWhl77+977+977+9aQ0R77+9ClEi77+977+977+9zZMlIu+/vQZR77+977+9KO+/vQDvv73vv70aEVHvv70oHu+/ve+/vTw7IiLvv70v77+9N++/vTvvv70kIu+/vS8qTe+/vUvvv71KREQP77+9Su+/vWhdFO+/vV02Ee+/vX9BExEREREREREREe+/vVhfCSNA77+977+9Q++/vSAAAAAASUVORO+/vUJg77+9",
        "mime_type": "image/png",
      },
      Object {
        "content": "PHN2ZyB4bWxucz0iaHR0cDovL3d3dy53My5vcmcvMjAwMC9zdmciIHZpZXdCb3g9IjAgMCAyMyAyMyI+PHBhdGggZmlsbD0iYmxhY2siIGQ9Ik0xIDFoN3Y3aC03ek05IDFoNXYxaC0zdjVoLTF2LTFoLTF2LTFoMXYtMWgtMXpNMTUgMWg3djdoLTd6TTIgMnY1aDV2LTV6TTE2IDJ2NWg1di01ek0zIDNoM3YzaC0zek0xNyAzaDN2M2gtM3pNMTMgNWgxdjRoMXYxaDF2MmgtMXYtMWgtMnYtMmgtMnYxaDF2MWgtMXYxaC0xdjNoMXYxaC0xdjNoLTF2LTVoLTZ2LTFoMXYtMWgtMXYtMWgxdi0yaDZ2LTFoMXYtMWgxdjFoMXYtMWgtMXYtMWgxek05IDdoMXYxaC0xek0xIDloMXYxaC0xek0xNyA5aDF2MWgtMXpNMTkgOWgzdjNoLTF2MWgxdjFoLTF2MWgtMXYtMmgtMXYtMWgxdi0xaDF2LTFoLTF2MWgtMXpNNiAxMHYxaC0xdjJoM3YtMWgxdi0yek0xIDExaDF2MWgxdjFoLTF2MWgtMXpNNiAxMWgydjFoLTJ6TTE4IDExaDF2MWgtMXpNMTEgMTJoMnYxaC0yek0xNiAxMmgydjFoLTF2MWgtM3YtMWgyek0xOCAxM2gxdjNoMXYxaC0xdjFoLTF2LTJoLTF2LTFoMXpNMTIgMTRoMnYxaDJ2MWgtMXYxaC0xdjJoLTJ2MWgtMXYtMmgxdi0xaC0xdi0xaDJ2LTFoLTF6TTEgMTVoN3Y3aC03ek0yIDE2djVoNXYtNXpNMTYgMTZoMXYzaC0xdi0xaC0xdi0xaDF6TTIxIDE2aDF2MWgtMXpNMyAxN2gzdjNoLTN6TTE1IDE5aDF2MWgxdjFoLTN2LTFoMXpNMTcgMTloMnYxaDF2LTFoMnYyaC0zdjFoLTJ2LTFoMXYtMWgtMXpNMTAgMjBoMXYxaC0xek05IDIxaDF2MWgtMXpNMTIgMjFoMXYxaC0xeiIvPjwvc3ZnPg==",
        "mime_type": "image/svg+xml",
      },
    ],
    "status": "ACTIVE",
  },
}
`;
