// Jest Snapshot v1, https://goo.gl/fbAQLP

exports[`MessageService#getMessage returns a message with attachments from the API 1`] = `
Object {
  "apply": [Function],
  "kind": "IResponseSuccessJson",
  "value": Object {
    "content": Object {
      "attachments": Array [
        Object {
          "content": "iVBORw0KGgoAAAANSUhEUgAAAJ4AAACRCAYAAAAy0wGuAAAAHnRFWHRTb2Z0d2FyZQBid2lwLWpzLm1ldGFmbG9vci5jb21Tnbi0AAAESklEQVR4nO3SQQ6CQAAEwf3/p/XkhTiBih6bxAO4TBnT55zzunw+1/X++ny9t95/el53f3XVV+fp3t3u3bn1vf6uf/1ft7uFZ746hTd2C898dQpv7Bae+eoU3tgtPPPVKbyxW3jmq1N4Y7fwzFen8MZu4ZmvTuGN3cIzX53CG7uFZ746hTd2C898dQpv7Bae+eoU3tgtPPPVKbyxW3jmq1N4Y7fwzFen8MZu4ZmvTuGN3cIzX53CG7uFZ746hTd2C898dQpv7Bae+eoU3tgtPPPVKbyxW3jmq1N4Y7fwzFen8MZu4ZmvTuGN3cIzX53CG7uFZ746hTd2C898dQpv7Bae+eoU3tgtPPPVKbyxW3jmq1N4Y7fwzFen8MZu4ZmvTuGN3cIzX53CG7uFZ746hTd2C898dQpv7Bae+eoU3tgtPPPVKbyxW3jmq1N4Y7fwzFen8MZu4ZmvTuGN3cIzX53CG7uFZ746hTd2C898dQpv7Bae+eoU3tgtPPPVKbyxW3jmq1N4Y7fwzFen8MZu4ZmvTuGN3cIzX53CG7uFZ746hTd2C898dQpv7Bae+eoU3tgtPPPVKbyxW3jmq1N4Y7fwzFen8MZu4ZmvTuGN3cIzX53CG7uFZ746hTd2C898dQpv7Bae+eoU3tgtPPPVKbyxW3jmq1N4Y7fwzFen8MZu4ZmvTuGN3cIzX53CG7uFZ746hTd2C898dQpv7Bae+eoU3tgtPPPVKbyxW3jmq1N4Y7fwzFen8MZu4ZmvTuGN3cIzX53CG7uFZ746hTd2C898dQpv7Bae+eoU3tgtPPPVKbyxW3jmq1N4Y7fwzFen8MZu4ZmvTuGN3cIzX53CG7uFZ746hTd2C898dQpv7Bae+eoU3tgtPPPVKbyxW3jmq1N4Y7fwzFen8MZu4ZmvTuGN3cIzX53CG7uFZ746hTd2C898dQpv7Bae+eoU3tgtPPPVKbyxW3jmq1N4Y7fwzFen8MZu4ZmvTuGN3cIzX53CG7uFZ746hTd2C898dQpv7Bae+eoU3tgtPPPVKbyxW3jmq1N4Y7fwzFen8MZu4ZmvTuGN3cIzX53CG7uFZ746hTd2C898dQpv7Bae+eoU3tgtPPPVKbyxW3jmq1N4Y7fwzFen8MZu4ZmvTuGN3cIzX53CG7uFZ746hTd2C898dQpv7Bae+eoU3tgtPPPVKbyxW3jmq1N4Y7fwzFen8MZu4ZmvTuGN3cIzX53CG7uFZ746hTd2C898dQpv7Bae+eoU3tgtPPPVKbyxW3jmq1N4Y7fwzFen8MZu4ZmvTuGN3cIzX53CG7uFZ746hTd2C898dQpv7Bae+eoU3tgtPPPVKbyxW3jmq1N4Y7fwzFen8MZu4ZmvTuGN3cIzX53CG7uFZ746hTd2C898dQpv7Bae+eoU3tgtPPPVKbyxW3jmq1N4Y7fwzFen8MZu4ZmvTuGN3cIzX53C+3L+DTYPJVQMuVIVAAAAAElFTkSuQmCC",
          "mime_type": "image/png",
          "name": "iup",
        },
        Object {
          "content": "PHN2ZyB2ZXJzaW9uPSIxLjEiIHdpZHRoPSIxNTgiIGhlaWdodD0iMTQ1IiB4bWxucz0iaHR0cDovL3d3dy53My5vcmcvMjAwMC9zdmciPgo8cGF0aCBzdHJva2U9IiMwMDAwMDAiIHN0cm9rZS13aWR0aD0iNCIgZD0iTTIgMTQ0TDIgME0yOCAxNDRMMjggME01OCAxNDRMNTggME04NCAxNDRMODQgME05MCAxNDRMOTAgME0xMjggMTQ0TDEyOCAwTTEzNCAxNDRMMTM0IDBNMTU2IDE0NEwxNTYgMCIgLz4KPHBhdGggc3Ryb2tlPSIjMDAwMDAwIiBzdHJva2Utd2lkdGg9IjIiIGQ9Ik03IDE0NEw3IDBNMjMgMTQ0TDIzIDBNNDUgMTQ0TDQ1IDBNNTMgMTQ0TDUzIDBNNzkgMTQ0TDc5IDBNMTAxIDE0NEwxMDEgME0xMDUgMTQ0TDEwNSAwTTExMSAxNDRMMTExIDBNMTUxIDE0NEwxNTEgMCIgLz4KPHBhdGggc3Ryb2tlPSIjMDAwMDAwIiBzdHJva2Utd2lkdGg9IjYiIGQ9Ik0xNSAxNDRMMTUgME0zNyAxNDRMMzcgME02OSAxNDRMNjkgME0xMjEgMTQ0TDEyMSAwTTE0NSAxNDRMMTQ1IDAiIC8+Cjwvc3ZnPgo=",
          "mime_type": "image/svg+xml",
          "name": "iup",
        },
        Object {
          "content": "iVBORw0KGgoAAAANSUhEUgAAAJ4AAACRCAYAAAAy0wGuAAAAHnRFWHRTb2Z0d2FyZQBid2lwLWpzLm1ldGFmbG9vci5jb21Tnbi0AAAESklEQVR4nO3SQQ6CQAAEwf3/p/XkhTiBih6bxAO4TBnT55zzunw+1/X++ny9t95/el53f3XVV+fp3t3u3bn1vf6uf/1ft7uFZ746hTd2C898dQpv7Bae+eoU3tgtPPPVKbyxW3jmq1N4Y7fwzFen8MZu4ZmvTuGN3cIzX53CG7uFZ746hTd2C898dQpv7Bae+eoU3tgtPPPVKbyxW3jmq1N4Y7fwzFen8MZu4ZmvTuGN3cIzX53CG7uFZ746hTd2C898dQpv7Bae+eoU3tgtPPPVKbyxW3jmq1N4Y7fwzFen8MZu4ZmvTuGN3cIzX53CG7uFZ746hTd2C898dQpv7Bae+eoU3tgtPPPVKbyxW3jmq1N4Y7fwzFen8MZu4ZmvTuGN3cIzX53CG7uFZ746hTd2C898dQpv7Bae+eoU3tgtPPPVKbyxW3jmq1N4Y7fwzFen8MZu4ZmvTuGN3cIzX53CG7uFZ746hTd2C898dQpv7Bae+eoU3tgtPPPVKbyxW3jmq1N4Y7fwzFen8MZu4ZmvTuGN3cIzX53CG7uFZ746hTd2C898dQpv7Bae+eoU3tgtPPPVKbyxW3jmq1N4Y7fwzFen8MZu4ZmvTuGN3cIzX53CG7uFZ746hTd2C898dQpv7Bae+eoU3tgtPPPVKbyxW3jmq1N4Y7fwzFen8MZu4ZmvTuGN3cIzX53CG7uFZ746hTd2C898dQpv7Bae+eoU3tgtPPPVKbyxW3jmq1N4Y7fwzFen8MZu4ZmvTuGN3cIzX53CG7uFZ746hTd2C898dQpv7Bae+eoU3tgtPPPVKbyxW3jmq1N4Y7fwzFen8MZu4ZmvTuGN3cIzX53CG7uFZ746hTd2C898dQpv7Bae+eoU3tgtPPPVKbyxW3jmq1N4Y7fwzFen8MZu4ZmvTuGN3cIzX53CG7uFZ746hTd2C898dQpv7Bae+eoU3tgtPPPVKbyxW3jmq1N4Y7fwzFen8MZu4ZmvTuGN3cIzX53CG7uFZ746hTd2C898dQpv7Bae+eoU3tgtPPPVKbyxW3jmq1N4Y7fwzFen8MZu4ZmvTuGN3cIzX53CG7uFZ746hTd2C898dQpv7Bae+eoU3tgtPPPVKbyxW3jmq1N4Y7fwzFen8MZu4ZmvTuGN3cIzX53CG7uFZ746hTd2C898dQpv7Bae+eoU3tgtPPPVKbyxW3jmq1N4Y7fwzFen8MZu4ZmvTuGN3cIzX53CG7uFZ746hTd2C898dQpv7Bae+eoU3tgtPPPVKbyxW3jmq1N4Y7fwzFen8MZu4ZmvTuGN3cIzX53CG7uFZ746hTd2C898dQpv7Bae+eoU3tgtPPPVKbyxW3jmq1N4Y7fwzFen8MZu4ZmvTuGN3cIzX53CG7uFZ746hTd2C898dQpv7Bae+eoU3tgtPPPVKbyxW3jmq1N4Y7fwzFen8MZu4ZmvTuGN3cIzX53C+3L+DTYPJVQMuVIVAAAAAElFTkSuQmCC",
          "mime_type": "image/png",
          "name": "nre",
        },
        Object {
          "content": "PHN2ZyB2ZXJzaW9uPSIxLjEiIHdpZHRoPSIxNTgiIGhlaWdodD0iMTQ1IiB4bWxucz0iaHR0cDovL3d3dy53My5vcmcvMjAwMC9zdmciPgo8cGF0aCBzdHJva2U9IiMwMDAwMDAiIHN0cm9rZS13aWR0aD0iNCIgZD0iTTIgMTQ0TDIgME0yOCAxNDRMMjggME01OCAxNDRMNTggME04NCAxNDRMODQgME05MCAxNDRMOTAgME0xMjggMTQ0TDEyOCAwTTEzNCAxNDRMMTM0IDBNMTU2IDE0NEwxNTYgMCIgLz4KPHBhdGggc3Ryb2tlPSIjMDAwMDAwIiBzdHJva2Utd2lkdGg9IjIiIGQ9Ik03IDE0NEw3IDBNMjMgMTQ0TDIzIDBNNDUgMTQ0TDQ1IDBNNTMgMTQ0TDUzIDBNNzkgMTQ0TDc5IDBNMTAxIDE0NEwxMDEgME0xMDUgMTQ0TDEwNSAwTTExMSAxNDRMMTExIDBNMTUxIDE0NEwxNTEgMCIgLz4KPHBhdGggc3Ryb2tlPSIjMDAwMDAwIiBzdHJva2Utd2lkdGg9IjYiIGQ9Ik0xNSAxNDRMMTUgME0zNyAxNDRMMzcgME02OSAxNDRMNjkgME0xMjEgMTQ0TDEyMSAwTTE0NSAxNDRMMTQ1IDAiIC8+Cjwvc3ZnPgo=",
          "mime_type": "image/svg+xml",
          "name": "nre",
        },
        Object {
          "content": "iVBORw0KGgoAAAANSUhEUgAAAaYAAACRCAYAAACIeRyiAAAAHnRFWHRTb2Z0d2FyZQBid2lwLWpzLm1ldGFmbG9vci5jb21Tnbi0AAAgR0lEQVR4nN2TsY5jMQwD9/9/+q66ZnEENdK4eQZSJA5HtCT+/Pz8/Pn1+Xd+f2+/p/8lLq1L9dP7VLdxmq8pt/Gm96/8Up099/aeqY7OYTsn653UF+0TrZeOtS9NR/u45X1tz665olzqL3KtwTdjW8ONaw1sG9wrt/Gm96/8Up0992mAms4ObqpvvZP6on2i9dKx9qXpaB+3vK/t2TVXlEv9Ra41+GZsa7hxrYFtg3vlNt70/pVfqrPnPg1Q09nBTfWtd1JftE+0XjrWvjQd7eOW97U9u+aKcqm/yLUG34xtDTeuNbBtcK/cxpvev/JLdfbcpwFqOju4qb71TuqL9onWS8fal6ajfdzyvrZn11xRLvUXudbgm7Gt4ca1BrYN7pXbeNP7V36pzp77NEBNZwc31bfeSX3RPtF66Vj70nS0j1ve1/bsmivKpf4i1xp8M7Y13LjWwLbBvXIbb3r/yi/V2XOfBqjp7OCm+tY7qS/aJ1ovHWtfmo72ccv72p5dc0W51F/kWoNvxraGG9ca2Da4V27jTe9f+aU6e+7TADWdHdxU33on9UX7ROulY+1L09E+bnlf27NrriiX+otca/DN2NZw41oD2wb3ym286f0rv1Rnz30aoKazg5vqW++kvmifaL10rH1pOtrHLe9re3bNFeVSf5FrDb4Z2xpuXGtg2+BeuY03vX/ll+rsuU8D1HR2cFN9653UF+0TrZeOtS9NR/u45X1tz665olzqL3KtwTdjW8ONaw1sG9wrt/Gm96/8Up0992mAms4ObqpvvZP6on2i9dKx9qXpaB+3vK/t2TVXlEv9Ra41+GZsa7hxrYFtg3vlNt70/pVfqrPnPg1Q09nBTfWtd1JftE+0XjrWvjQd7eOW97U9u+aKcqm/yLUG34xtDTeuNbBtcK/cxpvev/JLdfbcpwFqOju4qb71TuqL9onWS8fal6ajfdzyvrZn11xRLvUXudbgm7Gt4ca1BrYN7pXbeNP7V36pzp77NEBNZwc31bfeSX3RPtF66Vj70nS0j1ve1/bsmivKpf4i1xp8M7Y13LjWwLbBvXIbb3r/yi/V2XOfBqjp7OCm+tY7qS/aJ1ovHWtfmo72ccv72p5dc0W51F/kWoNvxraGG9ca2Da4V27jTe9f+aU6e+7TADWdHdxU33on9UX7ROulY+1L09E+bnlf27NrriiX+otca/DN2NZw41oD2wb3ym286f0rv1Rnz30aoKazg5vqW++kvmifaL10rH1pOtrHLe9re3bNFeVSf5FrDb4Z2xpuXGtg2+BeuY03vX/ll+rsuU8D1HR2cFN9653UF+0TrZeOtS9NR/u45X1tz665olzqL3KtwTdjW8ONaw1sG9wrt/Gm96/8Up0992mAms4ObqpvvZP6on2i9dKx9qXpaB+3vK/t2TVXlEv9Ra41+GZsa7hxrYFtg3vlNt70/pVfqrPnPg1Q09nBTfWtd1JftE+0XjrWvjQd7eOW97U9u+aKcqm/yLUG34xtDTeuNbBtcK/cxpvev/JLdfbcpwFqOju4qb71TuqL9onWS8fal6ajfdzyvrZn11xRLvUXudbgm7Gt4ca1BrYN7pXbeNP7V36pzp77NEBNZwc31bfeSX3RPtF66Vj70nS0j1ve1/bsmivKpf4i1xp8M7Y13LjWwLbBvXIbb3r/yi/V2XOfBqjp7OCm+tY7qS/aJ1ovHWtfmo72ccv72p5dc0W51F/kWoNvxraGG9ca2Da4V27jTe9f+aU6e+7TADWdHdxU33on9UX7ROulY+1L09E+bnlf27NrriiX+otca/DN2NZw41oD2wb3ym286f0rv1Rnz30aoKazg5vqW++kvmifaL10rH1pOtrHLe9re3bNFeVSf5FrDb4Z2xpuXGtg2+BeuY03vX/ll+rsuU8D1HR2cFN9653UF+0TrZeOtS9NR/u45X1tz665olzqL3KtwTdjW8ONaw1sG9wrt/Gm96/8Up0992mAms4ObqpvvZP6on2i9dKx9qXpaB+3vK/t2TVXlEv9Ra41+GZsa7hxrYFtg3vlNt70/pVfqrPnPg1Q09nBTfWtd1JftE+0XjrWvjQd7eOW97U9u+aKcqm/yLUG34xtDTeuNbBtcK/cxpvev/JLdfbcpwFqOju4qb71TuqL9onWS8fal6ajfdzyvrZn11xRLvUXudbgm7Gt4ca1BrYN7pXbeNP7V36pzp77NEBNZwc31bfeSX3RPtF66Vj70nS0j1ve1/bsmivKpf4i1xp8M7Y13LjWwLbBvXIbb3r/yi/V2XOfBqjp7OCm+tY7qS/aJ1ovHWtfmo72ccv72p5dc0W51F/kWoNvxraGG9ca2Da4V27jTe9f+aU6e+7TADWdHdxU33on9UX7ROulY+1L09E+bnlf27NrriiX+otca/DN2NZw41oD2wb3ym286f0rv1Rnz30aoKazg5vqW++kvmifaL10rH1pOtrHLe9re3bNFeVSf5FrDb4Z2xpuXGtg2+BeuY03vX/ll+rsuU8D1HR2cFN9653UF+0TrZeOtS9NR/u45X1tz665olzqL3KtwTdjW8ONaw1sG9wrt/Gm96/8Up0992mAms4ObqpvvZP6on2i9dKx9qXpaB+3vK/t2TVXlEv9Ra41+GZsa7hxrYFtg3vlNt70/pVfqrPnPg1Q09nBTfWtd1JftE+0XjrWvjQd7eOW97U9u+aKcqm/yLUG34xtDTeuNbBtcK/cxpvev/JLdfbcpwFqOju4qb71TuqL9onWS8fal6ajfdzyvrZn11xRLvUXudbgm7Gt4ca1BrYN7pXbeNP7V36pzp77NEBNZwc31bfeSX3RPtF66Vj70nS0j1ve1/bsmivKpf4i1xp8M7Y13LjWwLbBvXIbb3r/yi/V2XOfBqjp7OCm+tY7qS/aJ1ovHWtfmo72ccv72p5dc0W51F/kWoNvxraGG9ca2Da4V27jTe9f+aU6e+7TADWdHdxU33on9UX7ROulY+1L09E+bnlf27NrriiX+otca/DN2NZw41oD2wb3ym286f0rv1Rnz30aoKazg5vqW++kvmifaL10rH1pOtrHLe9re3bNFeVSf5FrDb4Z2xpuXGtg2+BeuY03vX/ll+rsuU8D1HR2cFN9653UF+0TrZeOtS9NR/u45X1tz665olzqL3KtwTdjW8ONaw1sG9wrt/Gm96/8Up0992mAms4ObqpvvZP6on2i9dKx9qXpaB+3vK/t2TVXlEv9Ra41+GZsa7hxrYFtg3vlNt70/pVfqrPnPg1Q09nBTfWtd1JftE+0XjrWvjQd7eOW97U9u+aKcqm/yLUG34xtDTeuNbBtcK/cxpvev/JLdfbcpwFqOju4qb71TuqL9onWS8fal6ajfdzyvrZn11xRLvUXudbgm7Gt4ca1BrYN7pXbeNP7V36pzp77NEBNZwc31bfeSX3RPtF66Vj70nS0j1ve1/bsmivKpf4i1xp8M7Y13LjWwLbBvXIbb3r/yi/V2XOfBqjp7OCm+tY7qS/aJ1ovHWtfmo72ccv72p5dc0W51F/kWoNvxraGG9ca2Da4V27jTe9f+aU6e+7TADWdHdxU33on9UX7ROulY+1L09E+bnlf27NrriiX+otca/DN2NZw41oD2wb3ym286f0rv1Rnz30aoKazg5vqW++kvmifaL10rH1pOtrHLe9re3bNFeVSf5FrDb4Z2xpuXGtg2+BeuY03vX/ll+rsuU8D1HR2cFN9653UF+0TrZeOtS9NR/u45X1tz665olzqL3KtwTdjW8ONaw1sG9wrt/Gm96/8Up0992mAms4ObqpvvZP6on2i9dKx9qXpaB+3vK/t2TVXlEv9Ra41+GZsa7hxrYFtg3vlNt70/pVfqrPnPg1Q09nBTfWtd1JftE+0XjrWvjQd7eOW97U9u+aKcqm/yLUG34xtDTeuNbBtcK/cxpvev/JLdfbcpwFqOju4qb71TuqL9onWS8fal6ajfdzyvrZn11xRLvUXudbgm7Gt4ca1BrYN7pXbeNP7V36pzp77NEBNZwc31bfeSX3RPtF66Vj70nS0j1ve1/bsmivKpf4i1xp8M7Y13LjWwLbBvXIbb3r/yi/V2XOfBqjp7OCm+tY7qS/aJ1ovHWtfmo72ccv72p5dc0W51F/kWoNvxraGG9ca2Da4V27jTe9f+aU6e+7TADWdHdxU33on9UX7ROulY+1L09E+bnlf27NrriiX+otca/DN2NZw41oD2wb3ym286f0rv1Rnz30aoKazg5vqW++kvmifaL10rH1pOtrHLe9re3bNFeVSf5FrDb4Z2xpuXGtg2+BeuY03vX/ll+rsuU8D1HR2cFN9653UF+0TrZeOtS9NR/u45X1tz665olzqL3KtwTdjW8ONaw1sG9wrt/Gm96/8Up0992mAms4ObqpvvZP6on2i9dKx9qXpaB+3vK/t2TVXlEv9Ra41+GZsa7hxrYFtg3vlNt70/pVfqrPnPg1Q09nBTfWtd1JftE+0XjrWvjQd7eOW97U9u+aKcqm/yLUG34xtDTeuNbBtcK/cxpvev/JLdfbcpwFqOju4qb71TuqL9onWS8fal6ajfdzyvrZn11xRLvUXudbgm7Gt4ca1BrYN7pXbeNP7V36pzp77NEBNZwc31bfeSX3RPtF66Vj70nS0j1ve1/bsmivKpf4i1xp8M7Y13LjWwLbBvXIbb3r/yi/V2XOfBqjp7OCm+tY7qS/aJ1ovHWtfmo72ccv72p5dc0W51F/kWoNvxraGG9ca2Da4V27jTe9f+aU6e+7TADWdHdxU33on9UX7ROulY+1L09E+bnlf27NrriiX+otca/DN2NZw41oD2wb3ym286f0rv1Rnz30aoKazg5vqW++kvmifaL10rH1pOtrHLe9re3bNFeVSf5FrDb4Z2xpuXGtg2+BeuY03vX/ll+rsuU8D1HR2cFN9653UF+0TrZeOtS9NR/u45X1tz665olzqL3KtwTdjW8ONaw1sG9wrt/Gm96/8Up0992mAms4ObqpvvZP6on2i9dKx9qXpaB+3vK/t2TVXlEv9Ra41+GZsa7hxrYFtg3vlNt70/pVfqrPnPg1Q09nBTfWtd1JftE+0XjrWvjQd7eOW97U9u+aKcqm/yLUG34xtDTeuNbBtcK/cxpvev/JLdfbcpwFqOju4qb71TuqL9onWS8fal6ajfdzyvrZn11xRLvUXudbgm7Gt4ca1BrYN7pXbeNP7V36pzp77NEBNZwc31bfeSX3RPtF66Vj70nS0j1ve1/bsmivKpf4i1xp8M7Y13LjWwLbBvXIbb3r/yi/V2XOfBqjp7OCm+tY7qS/aJ1ovHWtfmo72ccv72p5dc0W51F/kWoNvxraGG9ca2Da4V27jTe9f+aU6e+7TADWdHdxU33on9UX7ROulY+1L09E+bnlf27NrriiX+otca/DN2NZw41oD2wb3ym286f0rv1Rnz30aoKazg5vqW++kvmifaL10rH1pOtrHLe9re3bNFeVSf5FrDb4Z2xpuXGtg2+BeuY03vX/ll+rsuU8D1HR2cFN9653UF+0TrZeOtS9NR/u45X1tz665olzqL3KtwTdjW8ONaw1sG9wrt/Gm96/8Up0992mAms4ObqpvvZP6on2i9dKx9qXpaB+3vK/t2TVXlEv9Ra41+GZsa7hxrYFtg3vlNt70/pVfqrPnPg1Q09nBTfWtd1JftE+0XjrWvjQd7eOW97U9u+aKcqm/yLUG34xtDTeuNbBtcK/cxpvev/JLdfbcpwFqOju4qb71TuqL9onWS8fal6ajfdzyvrZn11xRLvUXudbgm7Gt4ca1BrYN7pXbeNP7V36pzp77NEBNZwc31bfeSX3RPtF66Vj70nS0j1ve1/bsmivKpf4i1xp8M7Y13LjWwLbBvXIbb3r/yi/V2XOfBqjp7OCm+tY7qS/aJ1ovHWtfmo72ccv72p5dc0W51F/kWoNvxraGG9ca2Da4V27jTe9f+aU6e+7TADWdHdxU33on9UX7ROulY+1L09E+bnlf27NrriiX+otca/DN2NZw41oD2wb3ym286f0rv1Rnz30aoKazg5vqW++kvmifaL10rH1pOtrHLe9re3bNFeVSf5FrDb4Z2xpuXGtg2+BeuY03vX/ll+rsuU8D1HR2cFN9653UF+0TrZeOtS9NR/u45X1tz665olzqL3KtwTdjW8ONaw1sG9wrt/Gm96/8Up0992mAms4ObqpvvZP6on2i9dKx9qXpaB+3vK/t2TVXlEv9Ra41+GZsa7hxrYFtg3vlNt70/pVfqrPnPg1Q09nBTfWtd1JftE+0XjrWvjQd7eOW97U9u+aKcqm/yLUG34xtDTeuNbBtcK/cxpvev/JLdfbcpwFqOju4qb71TuqL9onWS8fal6ajfdzyvrZn11xRLvUXudbgm7Gt4ca1BrYN7pXbeNP7V36pzp77NEBNZwc31bfeSX3RPtF66Vj70nS0j1ve1/bsmivKpf4i1xp8M7Y13LjWwLbBvXIbb3r/yi/V2XOfBqjp7OCm+tY7qS/aJ1ovHWtfmo72ccv72p5dc0W51F/kWoNvxraGG9ca2Da4V27jTe9f+aU6e+7TADWdHdxU33on9UX7ROulY+1L09E+bnlf27NrriiX+otca/DN2NZw41oD2wb3ym286f0rv1Rnz30aoKazg5vqW++kvmifaL10rH1pOtrHLe9re3bNFeVSf5FrDb4Z2xpuXGtg2+BeuY03vX/ll+rsuU8D1HR2cFN9653UF+0TrZeOtS9NR/u45X1tz665olzqL3KtwTdjW8ONaw1sG9wrt/Gm96/8Up0992mAms4ObqpvvZP6on2i9dKx9qXpaB+3vK/t2TVXlEv9Ra41+GZsa7hxrYFtg3vlNt70/pVfqrPnPg1Q09nBTfWtd1JftE+0XjrWvjQd7eOW97U9u+aKcqm/yLUG34xtDTeuNbBtcK/cxpvev/JLdfbcpwFqOju4qb71TuqL9onWS8fal6ajfdzyvrZn11xRLvUXudbgm7Gt4ca1BrYN7pXbeNP7V36pzp77NEBNZwc31bfeSX3RPtF66Vj70nS0j1ve1/bsmivKpf4i1xp8M7Y13LjWwLbBvXIbb3r/yi/V2XOfBqjp7OCm+tY7qS/aJ1ovHWtfmo72ccv72p5dc0W51F/kWoNvxraGG9ca2Da4V27jTe9f+aU6e+7TADWdHdxU33on9UX7ROulY+1L09E+bnlf27NrriiX+otca/DN2NZw41oD2wb3ym286f0rv1Rnz30aoKazg5vqW++kvmifaL10rH1pOtrHLe9re3bNFeVSf5FrDb4Z2xpuXGtg2+BeuY03vX/ll+rsuU8D1HR2cFN9653UF+0TrZeOtS9NR/u45X1tz665olzqL3KtwTdjW8ONaw1sG9wrt/Gm96/8Up0992mAms4ObqpvvZP6on2i9dKx9qXpaB+3vK/t2TVXlEv9Ra41+GZsa7hxrYFtg3vlNt70/pVfqrPnPg1Q09nBTfWtd1JftE+0XjrWvjQd7eOW97U9u+aKcqm/yLUG34xtDTeuNbBtcK/cxpvev/JLdfbcpwFqOju4qb71TuqL9onWS8fal6ajfdzyvrZn11xRLvUXudbgm7Gt4ca1BrYN7pXbeNP7V36pzp77NEBNZwc31bfeSX3RPtF66Vj70nS0j1ve1/bsmivKpf4i1xp8M7Y13LjWwLbBvXIbb3r/yi/V2XOfBqjp7OCm+tY7qS/aJ1ovHWtfmo72ccv72p5dc0W51F/kWoNvxraGG9ca2Da4V27jTe9f+aU6e+7TADWdHdxU33on9UX7ROulY+1L09E+bnlf27NrriiX+otca/DN2NZw41oD2wb3ym286f0rv1Rnz30aoKazg5vqW++kvmifaL10rH1pOtrHLe9re3bNFeVSf5FrDb4Z2xpuXGtg2+BeuY03vX/ll+rsuU8D1HR2cFN9653UF+0TrZeOtS9NR/u45X1tz665olzqL3KtwTdjW8ONaw1sG9wrt/Gm96/8Up0992mAms4ObqpvvZP6on2i9dKx9qXpaB+3vK/t2TVXlEv9Ra41+GZsa7hxrYFtg3vlNt70/pVfqrPnPg1Q09nBTfWtd1JftE+0XjrWvjQd7eOW97U9u+aKcqm/yLUG34xtDTeuNbBtcK/cxpvev/JLdfbcpwFqOju4qb71TuqL9onWS8fal6ajfdzyvrZn11xRLvUXudbgm7Gt4ca1BrYN7pXbeNP7V36pzp77NEBNZwc31bfeSX3RPtF66Vj70nS0j1ve1/bsmivKpf4i1xp8M7Y13LjWwLbBvXIbb3r/yi/V2XOfBqjp7OCm+tY7qS/aJ1ovHWtfmo72ccv72p5dc0W51F/kWoNvxraGG9ca2Da4V27jTe9f+aU6e+7TADWdHdxU33on9UX7ROulY+1L09E+bnlf27NrriiX+otca/DN2NZw41oD2wb3ym286f0rv1Rnz30aoKazg5vqW++kvmifaL10rH1pOtrHLe9re3bNFeVSf5FrDb4Z2xpuXGtg2+BeuY03vX/ll+rsuU8D1HR2cFN9653UF+0TrZeOtS9NR/u45X1tz665olzqL3KtwTdjW8ONaw1sG9wrt/Gm96/8Up0992mAms4ObqpvvZP6on2i9dKx9qXpaB+3vK/t2TVXlEv9Ra41+GZsa7hxrYFtg3vlNt70/pVfqrPnPg1Q09nBTfWtd1JftE+0XjrWvjQd7eOW97U9u+aKcqm/yLUG34xtDTeuNbBtcK/cxpvev/JLdfbcpwFqOju4qb71TuqL9onWS8fal6ajfdzyvrZn11xRLvUXudbgm7Gt4ca1BrYN7pXbeNP7V36pzp77NEBNZwc31bfeSX3RPtF66Vj70nS0j1ve1/bsmivKpf4i1xp8M7Y13LjWwLbBvXIbb3r/yi/V2XOfBqjp7OCm+tY7qS/aJ1ovHWtfmo72ccv72p5dc0W51F/kWoNvxraGG9ca2Da4V27jTe9f+aU6e+7TADWdHdxU33on9UX7ROulY+1L09E+bnlf27NrriiX+otca/DN2NZw41oD2wb3ym286f0rv1Rnz30aoKazg5vqW++kvmifaL10rH1pOtrHLe9re3bNFeVSf5FrDb4Z2xpuXGtg2+BeuY03vX/ll+rsuU8D1HR2cFN9653UF+0TrZeOtS9NR/u45X1tz665olzqL3KtwTdjW8ONaw1sG9wrt/Gm96/8Up0992mAms4ObqpvvZP6on2i9dKx9qXpaB+3vK/t2TVXlEv9Ra41+GZsa7hxrYFtg3vlNt70/pVfqrPnPg1Q09nBTfWtd1JftE+0XjrWvjQd7eOW97U9u+aKcqm/yLUG34xtDTeuNbBtcK/cxpvev/JLdfbcpwFqOju4qb71TuqL9onWS8fal6ajfdzyvrZn11xRLvUXudbgm7Gt4ca1BrYN7pXbeNP7V36pzp77NEBNZwc31bfeSX3RPtF66Vj70nS0j1ve1/bsmivKpf4i1xp8M7Y13LjWwLbBvXIbb3r/yi/V2XOfBqjp7OCm+tY7qS/aJ1ovHWtfmo72ccv72p5dc0W51F/kWoNvxraGG9ca2Da4V27jTe9f+aU6e+7TADWdHdxU33on9UX7ROulY+1L09E+bnlf27NrriiX+otca/DN2NZw41oD2wb3ym286f0rv1Rnz30aoKazg5vqW++kvmifaL10rH1pOtrHLe9re3bNFeVSf5FrDb4Z2xpuXGtg2+BeuY03vX/ll+rsuU8D1HR2cFN9653UF+0TrZeOtS9NR/u45X1tz665olzqL3KtwTdjW8ONaw1sG9wrt/Gm96/8Up0992mAms4ObqpvvZP6on2i9dKx9qXpaB+3vK/t2TVXlEv9Ra41+GZsa7hxrYFtg3vlNt70/pVfqrPnPg1Q09nBTfWtd1JftE+0XjrWvjQd7eOW97U9u+aKcqm/yLUG34xtDTeuNbBtcK/cxpvev/JLdfbcpwFqOju4qb71TuqL9onWS8fal6ajfdzyvrZn11xRLvUXudbgm7Gt4ca1BrYN7pXbeNP7V36pzp77NEBNZwc31bfeSX3RPtF66Vj70nS0j1ve1/bsmivKpf4i1xp8M7Y13LjWwLbBvXIbb3r/yi/V2XOfBqjp7OCm+tY7qS/aJ1ovHWtfmo72ccv72p5dc0W51F/kWoNvxraGG9ca2Da4V27jTe9f+aU6e+7TADWdHdxU33on9UX7ROulY+1L09E+bnlf27NrriiX+otca/DN2NZw41oD2wb3ym286f0rv1Rnz30aoKazg5vqW++kvmifaL10rH1pOtrHLe9re3bNFeVSf5FrDb4Z2xpuXGtg2+BeuY03vX/ll+rsuU8D1HR2cFN9653UF+0TrZeOtS9NR/u45X1tz665olzqL3KtwTdjW8ONaw1sG9wrt/Gm96/8Up0992mAms4ObqpvvZP6on2i9dKx9qXpaB+3vK/t2TVXlEv9Ra41+GZsa7hxrYFtg3vlNt70/pVfqrPnPg1Q09nBTfWtd1JftE+0XjrWvjQd7eOW97U9u+aKcqm/yLUG34xtDTeuNbBtcK/cxpvev/JLdfbcpwFqOju4qb71TuqL9onWS8fal6ajfdzyvrZn11xRLvUXudbgm7Gt4ca1BrYN7pXbeNP7V36pzp77NEBNZwc31bfeSX3RPtF66Vj70nS0j1ve1/bsmivKpf4i1xp8M7Y13LjWwLbBvXIbb3r/yi/V2XOfBqjp7OCm+tY7qS/aJ1ovHWtfmo72ccv72p5dc0W51F/kWoNvxraGG9ca2Da4V27jTe9f+aU6e+7TADWdHdxU33on9UX7ROulY+1L09E+bnlf27NrriiX+otca/DN2NZw41oD2wb3ym286f0rv1Rnz30aoKazg5vqW++kvmifaL10rH1pOtrHLe9re3bNFeVSf5FrDb4Z2xpuXGtg2+BeuY03vX/ll+rsuU8D1HR2cFN9653UF+0TrZeOtS9NR/u45X1tz665olzq77///wtjHGiDMWyXRgAAAABJRU5ErkJggg==",
          "mime_type": "image/png",
          "name": "prescriber_fiscal_code",
        },
        Object {
          "content": "PHN2ZyB2ZXJzaW9uPSIxLjEiIHdpZHRoPSI0MjIiIGhlaWdodD0iMTQ1IiB4bWxucz0iaHR0cDovL3d3dy53My5vcmcvMjAwMC9zdmciPgo8cGF0aCBzdHJva2U9IiMwMDAwMDAiIHN0cm9rZS13aWR0aD0iNCIgZD0iTTIgMTQ0TDIgME0yNCAxNDRMMjQgME02MiAxNDRMNjIgME04NCAxNDRMODQgME05NCAxNDRMOTQgME0xMjggMTQ0TDEyOCAwTTE0MiAxNDRMMTQyIDBNMTcwIDE0NEwxNzAgME0xOTIgMTQ0TDE5MiAwTTIwMCAxNDRMMjAwIDBNMjM4IDE0NEwyMzggME0yNDQgMTQ0TDI0NCAwTTI4MiAxNDRMMjgyIDBNMjg4IDE0NEwyODggME0zMjQgMTQ0TDMyNCAwTTM0NiAxNDRMMzQ2IDBNMzU0IDE0NEwzNTQgME0zNzYgMTQ0TDM3NiAwTTM4NCAxNDRMMzg0IDBNMzkyIDE0NEwzOTIgME0zOTggMTQ0TDM5OCAwTTQyMCAxNDRMNDIwIDAiIC8+CjxwYXRoIHN0cm9rZT0iIzAwMDAwMCIgc3Ryb2tlLXdpZHRoPSIyIiBkPSJNNyAxNDRMNyAwTTEzIDE0NEwxMyAwTTM3IDE0NEwzNyAwTTY3IDE0NEw2NyAwTTg5IDE0NEw4OSAwTTEwMyAxNDRMMTAzIDBNMTExIDE0NEwxMTEgME0xMzMgMTQ0TDEzMyAwTTE2MyAxNDRMMTYzIDBNMTc3IDE0NEwxNzcgME0yMDkgMTQ0TDIwOSAwTTIyMSAxNDRMMjIxIDBNMjUxIDE0NEwyNTEgME0yNjUgMTQ0TDI2NSAwTTI3MyAxNDRMMjczIDBNMzAzIDE0NEwzMDMgME0zMDkgMTQ0TDMwOSAwTTMzMSAxNDRMMzMxIDBNMzYzIDE0NEwzNjMgME00MTUgMTQ0TDQxNSAwIiAvPgo8cGF0aCBzdHJva2U9IiMwMDAwMDAiIHN0cm9rZS13aWR0aD0iNiIgZD0iTTMxIDE0NEwzMSAwTTQ3IDE0NEw0NyAwTTU1IDE0NEw1NSAwTTczIDE0NEw3MyAwTTExNyAxNDRMMTE3IDBNMTQ5IDE0NEwxNDkgME0xNTcgMTQ0TDE1NyAwTTE4NSAxNDRMMTg1IDBNMjE1IDE0NEwyMTUgME0yMjkgMTQ0TDIyOSAwTTI1NyAxNDRMMjU3IDBNMjk3IDE0NEwyOTcgME0zMTcgMTQ0TDMxNyAwTTMzOSAxNDRMMzM5IDBNMzY5IDE0NEwzNjkgME00MDkgMTQ0TDQwOSAwIiAvPgo8L3N2Zz4K",
          "mime_type": "image/svg+xml",
          "name": "prescriber_fiscal_code",
        },
      ],
      "markdown": "# This is a markdown header

to show how easily markdown can be converted to **HTML**

Remember: this has to be a long text.",
      "prescription_data": Object {
        "iup": "12345678",
        "nre": "12345678",
        "prescriber_fiscal_code": "SPNDNL80R13C600R",
      },
      "subject": "Lorem ipsum",
    },
    "created_at": "2018-06-12T09:45:06.771Z",
    "fiscal_code": "LSSLCU79B24L219P",
    "id": "01CFSP4XYK3Y0VZTKHW9FKS1XM",
    "sender_service_id": "5a563817fcc896087002ea46c49a",
  },
}
`;
