// Jest Snapshot v1, https://goo.gl/fbAQLP

exports[`pathParamsFromUrl decode a not vaild simple test 1`] = `
Array [
  Object {
    "context": Array [
      Object {
        "actual": "/tests/12345",
        "key": "",
        "type": Type {
          "decode": [Function],
          "encode": [Function],
          "is": [Function],
          "name": "pathParamsFromUrl",
          "validate": [Function],
        },
      },
    ],
    "message": "input is not a valid /^\\\\/test\\\\/([^/]+)$/",
    "value": "/tests/12345",
  },
]
`;
